Microchip MPLAB XC8 Compiler V1.45 ()

Linker command line:

-W-3 --edf=C:\Program Files (x86)\Microchip\xc8\v1.45\dat\en_msgs.txt -cs \
  -h+dist/default/production\I2C_Code.X.production.sym \
  --cmf=dist/default/production\I2C_Code.X.production.cmf -z -Q12F1822 \
  -oC:\Users\Zac\AppData\Local\Temp\sceg.2 \
  -Mdist/default/production/I2C_Code.X.production.map -E1 -ver=XC8 \
  -ASTACK=02023h-0206fh -pstack=STACK -ACODE=00h-07FFh -ASTRCODE=00h-07FFh \
  -ASTRING=00h-0FFhx8 -ACONST=00h-0FFhx8 -AENTRY=00h-0FFhx8 \
  -ACOMMON=070h-07Fh -ABANK0=020h-06Fh -ABANK1=0A0h-0BFh \
  -ABIGRAM=02000h-0206Fh -ARAM=020h-06Fh,0A0h-0BFh \
  -AABS1=020h-07Fh,0A0h-0BFh -ASFR0=00h-01Fh -ASFR1=080h-09Fh \
  -ASFR2=0100h-016Fh -ASFR3=0180h-01EFh -ASFR4=0200h-026Fh \
  -ASFR5=0280h-02EFh -ASFR6=0300h-036Fh -ASFR7=0380h-03EFh \
  -ASFR8=0400h-046Fh -ASFR9=0480h-04EFh -ASFR10=0500h-056Fh \
  -ASFR11=0580h-05EFh -ASFR12=0600h-066Fh -ASFR13=0680h-06EFh \
  -ASFR14=0700h-076Fh -ASFR15=0780h-07EFh -ASFR16=0800h-086Fh \
  -ASFR17=0880h-08EFh -ASFR18=0900h-096Fh -ASFR19=0980h-09EFh \
  -ASFR20=0A00h-0A6Fh -ASFR21=0A80h-0AEFh -ASFR22=0B00h-0B6Fh \
  -ASFR23=0B80h-0BEFh -ASFR24=0C00h-0C6Fh -ASFR25=0C80h-0CEFh \
  -ASFR26=0D00h-0D6Fh -ASFR27=0D80h-0DEFh -ASFR28=0E00h-0E6Fh \
  -ASFR29=0E80h-0EEFh -ASFR30=0F00h-0F6Fh -ASFR31=0F80h-0FEFh \
  -preset_vec=00h,intentry,init,end_init -ppowerup=CODE -pcinit=CODE \
  -pfunctab=ENTRY -ACONFIG=08007h-08008h -pconfig=CONFIG -DCONFIG=2 \
  -AIDLOC=08000h-08003h -pidloc=IDLOC -DIDLOC=2 -AEEDATA=00h-0FFh/0F000h \
  -peeprom_data=EEDATA -DEEDATA=2 -DCODE=2 -DSTRCODE=2 -DSTRING=2 -DCONST=2 \
  -DENTRY=2 -k C:\Users\Zac\AppData\Local\Temp\sceg.obj \
  dist/default/production\I2C_Code.X.production.obj 

Object code version is 3.11

Machine type is 12F1822



                Name                               Link     Load   Length Selector   Space Scale
C:\Users\Zac\AppData\Local\Temp\sceg.obj
                end_init                              1        1        1        0       0
                reset_vec                             0        0        1        0       0
                config                             8007     8007        2    1000E       0
dist/default/production\I2C_Code.X.production.obj
                cinit                               7FE      7FE        2      FFC       0
                text9                               7A8      7A8        C      F50       0
                text8                               797      797        8      F2E       0
                text7                               7D1      7D1       13      FA2       0
                text6                               78C      78C        3      F18       0
                text5                               7C0      7C0       11      F80       0
                text4                               78F      78F        3      F1E       0
                text3                               792      792        5      F24       0
                text2                               79F      79F        9      F3E       0
                text1                               7B4      7B4        C      F68       0
                maintext                            7E4      7E4       1A      FC8       0
                cstackBANK0                          20       20       23       20       1
                cstackCOMMON                         70       70        5       70       1

TOTAL           Name                               Link     Load   Length     Space
        CLASS   STACK          

        CLASS   CODE           
                end_init                              1        1        1         0
                cinit                               7FE      7FE        2         0
                reset_vec                             0        0        1         0
                text9                               7A8      7A8        C         0
                text8                               797      797        8         0
                text7                               7D1      7D1       13         0
                text6                               78C      78C        3         0
                text5                               7C0      7C0       11         0
                text4                               78F      78F        3         0
                text3                               792      792        5         0
                text2                               79F      79F        9         0
                text1                               7B4      7B4        C         0
                maintext                            7E4      7E4       1A         0

        CLASS   STRCODE        

        CLASS   STRING         

        CLASS   CONST          

        CLASS   ENTRY          

        CLASS   COMMON         
                cstackCOMMON                         70       70        5         1

        CLASS   BANK0          
                cstackBANK0                          20       20       23         1

        CLASS   BANK1          

        CLASS   BIGRAM         

        CLASS   RAM            

        CLASS   ABS1           
                abs_s1                               7E       7E        2         1

        CLASS   SFR0           

        CLASS   SFR1           

        CLASS   SFR2           

        CLASS   SFR3           

        CLASS   SFR4           

        CLASS   SFR5           

        CLASS   SFR6           

        CLASS   SFR7           

        CLASS   SFR8           

        CLASS   SFR9           

        CLASS   SFR10          

        CLASS   SFR11          

        CLASS   SFR12          

        CLASS   SFR13          

        CLASS   SFR14          

        CLASS   SFR15          

        CLASS   SFR16          

        CLASS   SFR17          

        CLASS   SFR18          

        CLASS   SFR19          

        CLASS   SFR20          

        CLASS   SFR21          

        CLASS   SFR22          

        CLASS   SFR23          

        CLASS   SFR24          

        CLASS   SFR25          

        CLASS   SFR26          

        CLASS   SFR27          

        CLASS   SFR28          

        CLASS   SFR29          

        CLASS   SFR30          

        CLASS   SFR31          

        CLASS   CONFIG         
                config                             8007     8007        2         0

        CLASS   IDLOC          

        CLASS   EEDATA         

        CLASS   BANK31         

        CLASS   BANK30         

        CLASS   BANK29         

        CLASS   BANK28         

        CLASS   BANK27         

        CLASS   BANK26         

        CLASS   BANK25         

        CLASS   BANK24         

        CLASS   BANK23         

        CLASS   BANK22         

        CLASS   BANK21         

        CLASS   BANK20         

        CLASS   BANK19         

        CLASS   BANK18         

        CLASS   BANK17         

        CLASS   BANK16         

        CLASS   BANK15         

        CLASS   BANK14         

        CLASS   BANK13         

        CLASS   BANK12         

        CLASS   BANK11         

        CLASS   BANK10         

        CLASS   BANK9          

        CLASS   BANK8          

        CLASS   BANK7          

        CLASS   BANK6          

        CLASS   BANK5          

        CLASS   BANK4          

        CLASS   BANK3          

        CLASS   BANK2          



SEGMENTS        Name                           Load    Length   Top    Selector   Space  Class     Delta

                reset_vec                      000000  000002  000002         0       0  CODE        2
                cstackBANK0                    000020  000023  000043        20       1  BANK0       1
                cstackCOMMON                   000070  000005  000075        70       1  COMMON      1
                text6                          00078C  000003  00078F       F18       0  CODE        2
                text4                          00078F  000003  000792       F1E       0  CODE        2
                text3                          000792  000005  000797       F24       0  CODE        2
                text8                          000797  000008  00079F       F2E       0  CODE        2
                text2                          00079F  000009  0007A8       F3E       0  CODE        2
                text9                          0007A8  00000C  0007B4       F50       0  CODE        2
                text1                          0007B4  00000C  0007C0       F68       0  CODE        2
                text5                          0007C0  000011  0007D1       F80       0  CODE        2
                text7                          0007D1  000013  0007E4       FA2       0  CODE        2
                maintext                       0007E4  00001A  0007FE       FC8       0  CODE        2
                cinit                          0007FE  000002  000800       FFC       0  CODE        2
                config                         008007  000002  008009     1000E       0  CONFIG      2


UNUSED ADDRESS RANGES

        Name                Unused          Largest block    Delta
        BANK0            00043-0006F              2D           1
        BANK1            000A0-000BF              20           1
        BIGRAM           02000-0206F              70           1
        CODE             00002-0078B             78A           2
        COMMON           00075-0007D               9           1
        CONST            00002-0078B             100           2
        EEDATA           0F000-0F0FF             100           2
        ENTRY            00002-0078B             100           2
        IDLOC            08000-08003               4           2
        RAM              00043-0006F              2D           1
                         000A0-000BF              20
        SFR0             00000-0001F              20           1
        SFR1             00080-0009F              20           1
        SFR10            00500-0056F              70           1
        SFR11            00580-005EF              70           1
        SFR12            00600-0066F              70           1
        SFR13            00680-006EF              70           1
        SFR14            00700-0076F              70           1
        SFR15            00780-007EF              70           1
        SFR16            00800-0086F              70           1
        SFR17            00880-008EF              70           1
        SFR18            00900-0096F              70           1
        SFR19            00980-009EF              70           1
        SFR2             00100-0016F              70           1
        SFR20            00A00-00A6F              70           1
        SFR21            00A80-00AEF              70           1
        SFR22            00B00-00B6F              70           1
        SFR23            00B80-00BEF              70           1
        SFR24            00C00-00C6F              70           1
        SFR25            00C80-00CEF              70           1
        SFR26            00D00-00D6F              70           1
        SFR27            00D80-00DEF              70           1
        SFR28            00E00-00E6F              70           1
        SFR29            00E80-00EEF              70           1
        SFR3             00180-001EF              70           1
        SFR30            00F00-00F6F              70           1
        SFR31            00F80-00FEF              70           1
        SFR4             00200-0026F              70           1
        SFR5             00280-002EF              70           1
        SFR6             00300-0036F              70           1
        SFR7             00380-003EF              70           1
        SFR8             00400-0046F              70           1
        SFR9             00480-004EF              70           1
        STACK            02023-0206F              4D           1
        STRCODE          00002-0078B             78A           2
        STRING           00002-0078B             100           2

                                  Symbol Table

_LATA                      (abs)        0010C
_OSCCON                    (abs)        00099
_PORTA                     (abs)        0000C
_SSP1ADD                   (abs)        00212
_SSP1BUF                   (abs)        00211
_SSP1CON1                  (abs)        00215
_SSP1CON2                  (abs)        00216
_SSP1CON2bits              (abs)        00216
_SSP1CON3                  (abs)        00217
_SSP1STAT                  (abs)        00214
_SSP1STATbits              (abs)        00214
_TRISA                     (abs)        0008C
_TRISAbits                 (abs)        0008C
__CFG_BOREN$OFF            (abs)        00000
__CFG_BORV$LO              (abs)        00000
__CFG_CLKOUTEN$OFF         (abs)        00000
__CFG_CP$ON                (abs)        00000
__CFG_FOSC$INTOSC          (abs)        00000
__CFG_LVP$ON               (abs)        00000
__CFG_MCLRE$OFF            (abs)        00000
__CFG_PWRTE$OFF            (abs)        00000
__CFG_STVREN$ON            (abs)        00000
__CFG_WDTE$OFF             (abs)        00000
__CFG_WRT$OFF              (abs)        00000
__Habs1                    abs1         00000
__Hbank0                   bank0        00000
__Hbank1                   bank1        00000
__Hbank10                  bank10       00000
__Hbank11                  bank11       00000
__Hbank12                  bank12       00000
__Hbank13                  bank13       00000
__Hbank14                  bank14       00000
__Hbank15                  bank15       00000
__Hbank16                  bank16       00000
__Hbank17                  bank17       00000
__Hbank18                  bank18       00000
__Hbank19                  bank19       00000
__Hbank2                   bank2        00000
__Hbank20                  bank20       00000
__Hbank21                  bank21       00000
__Hbank22                  bank22       00000
__Hbank23                  bank23       00000
__Hbank24                  bank24       00000
__Hbank25                  bank25       00000
__Hbank26                  bank26       00000
__Hbank27                  bank27       00000
__Hbank28                  bank28       00000
__Hbank29                  bank29       00000
__Hbank3                   bank3        00000
__Hbank30                  bank30       00000
__Hbank31                  bank31       00000
__Hbank4                   bank4        00000
__Hbank5                   bank5        00000
__Hbank6                   bank6        00000
__Hbank7                   bank7        00000
__Hbank8                   bank8        00000
__Hbank9                   bank9        00000
__Hbigram                  bigram       00000
__Hcinit                   cinit        00800
__Hclrtext                 clrtext      00000
__Hcode                    code         00000
__Hcommon                  common       00000
__Hconfig                  config       08009
__HcstackBANK0             cstackBANK0  00000
__HcstackCOMMON            cstackCOMMON 00000
__Heeprom_data             eeprom_data  00000
__Hend_init                end_init     00002
__Hfunctab                 functab      00000
__Hidloc                   idloc        00000
__Hinit                    init         00001
__Hintentry                intentry     00001
__Hmaintext                maintext     00000
__Hpowerup                 powerup      00000
__Hram                     ram          00000
__Hreset_vec               reset_vec    00001
__Hsfr0                    sfr0         00000
__Hsfr1                    sfr1         00000
__Hsfr10                   sfr10        00000
__Hsfr11                   sfr11        00000
__Hsfr12                   sfr12        00000
__Hsfr13                   sfr13        00000
__Hsfr14                   sfr14        00000
__Hsfr15                   sfr15        00000
__Hsfr16                   sfr16        00000
__Hsfr17                   sfr17        00000
__Hsfr18                   sfr18        00000
__Hsfr19                   sfr19        00000
__Hsfr2                    sfr2         00000
__Hsfr20                   sfr20        00000
__Hsfr21                   sfr21        00000
__Hsfr22                   sfr22        00000
__Hsfr23                   sfr23        00000
__Hsfr24                   sfr24        00000
__Hsfr25                   sfr25        00000
__Hsfr26                   sfr26        00000
__Hsfr27                   sfr27        00000
__Hsfr28                   sfr28        00000
__Hsfr29                   sfr29        00000
__Hsfr3                    sfr3         00000
__Hsfr30                   sfr30        00000
__Hsfr31                   sfr31        00000
__Hsfr4                    sfr4         00000
__Hsfr5                    sfr5         00000
__Hsfr6                    sfr6         00000
__Hsfr7                    sfr7         00000
__Hsfr8                    sfr8         00000
__Hsfr9                    sfr9         00000
__Hspace_0                 (abs)        08009
__Hspace_1                 (abs)        00075
__Hspace_2                 (abs)        00000
__Hspace_3                 (abs)        00000
__Hstack                   stack        00000
__Hstrings                 strings      00000
__Htext                    text         00000
__Labs1                    abs1         00000
__Lbank0                   bank0        00000
__Lbank1                   bank1        00000
__Lbank10                  bank10       00000
__Lbank11                  bank11       00000
__Lbank12                  bank12       00000
__Lbank13                  bank13       00000
__Lbank14                  bank14       00000
__Lbank15                  bank15       00000
__Lbank16                  bank16       00000
__Lbank17                  bank17       00000
__Lbank18                  bank18       00000
__Lbank19                  bank19       00000
__Lbank2                   bank2        00000
__Lbank20                  bank20       00000
__Lbank21                  bank21       00000
__Lbank22                  bank22       00000
__Lbank23                  bank23       00000
__Lbank24                  bank24       00000
__Lbank25                  bank25       00000
__Lbank26                  bank26       00000
__Lbank27                  bank27       00000
__Lbank28                  bank28       00000
__Lbank29                  bank29       00000
__Lbank3                   bank3        00000
__Lbank30                  bank30       00000
__Lbank31                  bank31       00000
__Lbank4                   bank4        00000
__Lbank5                   bank5        00000
__Lbank6                   bank6        00000
__Lbank7                   bank7        00000
__Lbank8                   bank8        00000
__Lbank9                   bank9        00000
__Lbigram                  bigram       00000
__Lcinit                   cinit        007FE
__Lclrtext                 clrtext      00000
__Lcode                    code         00000
__Lcommon                  common       00000
__Lconfig                  config       08007
__LcstackBANK0             cstackBANK0  00000
__LcstackCOMMON            cstackCOMMON 00000
__Leeprom_data             eeprom_data  00000
__Lend_init                end_init     00001
__Lfunctab                 functab      00000
__Lidloc                   idloc        00000
__Linit                    init         00001
__Lintentry                intentry     00001
__Lmaintext                maintext     00000
__Lpowerup                 powerup      00000
__Lram                     ram          00000
__Lreset_vec               reset_vec    00000
__Lsfr0                    sfr0         00000
__Lsfr1                    sfr1         00000
__Lsfr10                   sfr10        00000
__Lsfr11                   sfr11        00000
__Lsfr12                   sfr12        00000
__Lsfr13                   sfr13        00000
__Lsfr14                   sfr14        00000
__Lsfr15                   sfr15        00000
__Lsfr16                   sfr16        00000
__Lsfr17                   sfr17        00000
__Lsfr18                   sfr18        00000
__Lsfr19                   sfr19        00000
__Lsfr2                    sfr2         00000
__Lsfr20                   sfr20        00000
__Lsfr21                   sfr21        00000
__Lsfr22                   sfr22        00000
__Lsfr23                   sfr23        00000
__Lsfr24                   sfr24        00000
__Lsfr25                   sfr25        00000
__Lsfr26                   sfr26        00000
__Lsfr27                   sfr27        00000
__Lsfr28                   sfr28        00000
__Lsfr29                   sfr29        00000
__Lsfr3                    sfr3         00000
__Lsfr30                   sfr30        00000
__Lsfr31                   sfr31        00000
__Lsfr4                    sfr4         00000
__Lsfr5                    sfr5         00000
__Lsfr6                    sfr6         00000
__Lsfr7                    sfr7         00000
__Lsfr8                    sfr8         00000
__Lsfr9                    sfr9         00000
__Lspace_0                 (abs)        00000
__Lspace_1                 (abs)        00000
__Lspace_2                 (abs)        00000
__Lspace_3                 (abs)        00000
__Lstack                   stack        00000
__Lstrings                 strings      00000
__Ltext                    text         00000
__S0                       (abs)        08009
__S1                       (abs)        00075
__S2                       (abs)        00000
__S3                       (abs)        00000
___int_sp                  stack        00000
___latbits                 (abs)        00000
___sp                      stack        00000
__end_of__initialization   cinit        007FE
__end_of_i2c_Address       text5        007D1
__end_of_i2c_Init          text9        007B4
__end_of_i2c_Read          text7        007E4
__end_of_i2c_Restart       text4        00792
__end_of_i2c_Start         text3        00797
__end_of_i2c_Stop          text6        0078F
__end_of_i2c_Wait          text8        0079F
__end_of_i2c_Write         text2        007A8
__end_of_i2c_read_command  text1        007C0
__end_of_main              maintext     007FE
__initialization           cinit        007FE
__pcstackBANK0             cstackBANK0  00020
__pcstackCOMMON            cstackCOMMON 00070
__pmaintext                maintext     007E4
__ptext1                   text1        007B4
__ptext2                   text2        0079F
__ptext3                   text3        00792
__ptext4                   text4        0078F
__ptext5                   text5        007C0
__ptext6                   text6        0078C
__ptext7                   text7        007D1
__ptext8                   text8        00797
__ptext9                   text9        007A8
__size_of_i2c_Address      (abs)        00000
__size_of_i2c_Init         (abs)        00000
__size_of_i2c_Read         (abs)        00000
__size_of_i2c_Restart      (abs)        00000
__size_of_i2c_Start        (abs)        00000
__size_of_i2c_Stop         (abs)        00000
__size_of_i2c_Wait         (abs)        00000
__size_of_i2c_Write        (abs)        00000
__size_of_i2c_read_command (abs)        00000
__size_of_main             (abs)        00000
_i2c_Address               text5        007C0
_i2c_Init                  text9        007A8
_i2c_Read                  text7        007D1
_i2c_Restart               text4        0078F
_i2c_Start                 text3        00792
_i2c_Stop                  text6        0078C
_i2c_Wait                  text8        00797
_i2c_Write                 text2        0079F
_i2c_read_command          text1        007B4
_main                      maintext     007E4
btemp                      (abs)        0007E
end_of_initialization      cinit        007FE
i2c_Address@address        cstackCOMMON 00072
i2c_Address@l_address      cstackCOMMON 00073
i2c_Address@mode           cstackCOMMON 00070
i2c_Read@ack               cstackCOMMON 00071
i2c_Read@i2cReadData       cstackCOMMON 00072
i2c_Write@data             cstackCOMMON 00070
intlevel0                  functab      00000
intlevel1                  functab      00000
intlevel2                  functab      00000
intlevel3                  functab      00000
intlevel4                  functab      00000
intlevel5                  functab      00000
main@read_buff             cstackBANK0  00020
reset_vec                  reset_vec    00000
stackhi                    (abs)        0206F
stacklo                    (abs)        02023
start                      init         00001
start_initialization       cinit        007FE
wtemp0                     (abs)        0007E


FUNCTION INFORMATION:

 *************** function _main *****************
 Defined at:
		line 37 in file "i2c.c"
 Parameters:    Size  Location     Type
		None
 Auto vars:     Size  Location     Type
  read_buff      35    0[BANK0 ] unsigned char [35]
 Return value:  Size  Location     Type
                  1    wreg      void 
 Registers used:
		wreg, status,2, status,0, pclath, cstack
 Tracked objects:
		On entry : 
		On exit  : 
		Unchanged: 
 Data sizes:     COMMON   BANK0   BANK1
      Params:         0       0       0
      Locals:         0      35       0
      Temps:          1       0       0
      Totals:         1      35       0
Total ram usage:       36 bytes
 Hardware stack levels required when called:    2
 This function calls:
		_i2c_Init
		_i2c_Read
		_i2c_Stop
		_i2c_read_command
 This function is called by:
		Startup code after reset
 This function uses a non-reentrant model


 *************** function _i2c_read_command *****************
 Defined at:
		line 26 in file "i2c.c"
 Parameters:    Size  Location     Type
  address         1    wreg     unsigned char 
 Auto vars:     Size  Location     Type
  address         1    0[COMMON] unsigned char 
 Return value:  Size  Location     Type
                  1    wreg      void 
 Registers used:
		wreg, status,2, status,0, pclath, cstack
 Tracked objects:
		On entry : 
		On exit  : 
		Unchanged: 
 Data sizes:     COMMON   BANK0   BANK1
      Params:         0       0       0
      Locals:         0       0       0
      Temps:          0       0       0
      Totals:         0       0       0
Total ram usage:        0 bytes
 Hardware stack levels used:    1
 Hardware stack levels required when called:    1
 This function calls:
		_i2c_Address
		_i2c_Restart
		_i2c_Start
		_i2c_Write
 This function is called by:
		_main
 This function uses a non-reentrant model


 *************** function _i2c_Write *****************
 Defined at:
		line 57 in file "i2c.h"
 Parameters:    Size  Location     Type
  data            1    wreg     unsigned char 
 Auto vars:     Size  Location     Type
  data            1    0[COMMON] unsigned char 
 Return value:  Size  Location     Type
                  1    wreg      void 
 Registers used:
		wreg
 Tracked objects:
		On entry : 
		On exit  : 
		Unchanged: 
 Data sizes:     COMMON   BANK0   BANK1
      Params:         0       0       0
      Locals:         1       0       0
      Temps:          0       0       0
      Totals:         1       0       0
Total ram usage:        1 bytes
 Hardware stack levels used:    1
 This function calls:
		Nothing
 This function is called by:
		_i2c_read_command
 This function uses a non-reentrant model


 *************** function _i2c_Start *****************
 Defined at:
		line 29 in file "i2c.h"
 Parameters:    Size  Location     Type
		None
 Auto vars:     Size  Location     Type
		None
 Return value:  Size  Location     Type
                  1    wreg      void 
 Registers used:
		wreg
 Tracked objects:
		On entry : 
		On exit  : 
		Unchanged: 
 Data sizes:     COMMON   BANK0   BANK1
      Params:         0       0       0
      Locals:         0       0       0
      Temps:          0       0       0
      Totals:         0       0       0
Total ram usage:        0 bytes
 Hardware stack levels used:    1
 This function calls:
		Nothing
 This function is called by:
		_i2c_read_command
 This function uses a non-reentrant model


 *************** function _i2c_Restart *****************
 Defined at:
		line 40 in file "i2c.h"
 Parameters:    Size  Location     Type
		None
 Auto vars:     Size  Location     Type
		None
 Return value:  Size  Location     Type
                  1    wreg      void 
 Registers used:
		None
 Tracked objects:
		On entry : 
		On exit  : 
		Unchanged: 
 Data sizes:     COMMON   BANK0   BANK1
      Params:         0       0       0
      Locals:         0       0       0
      Temps:          0       0       0
      Totals:         0       0       0
Total ram usage:        0 bytes
 Hardware stack levels used:    1
 This function calls:
		Nothing
 This function is called by:
		_i2c_read_command
 This function uses a non-reentrant model


 *************** function _i2c_Address *****************
 Defined at:
		line 72 in file "i2c.h"
 Parameters:    Size  Location     Type
  address         1    wreg     unsigned char 
  mode            1    0[COMMON] unsigned char 
 Auto vars:     Size  Location     Type
  address         1    2[COMMON] unsigned char 
  l_address       1    3[COMMON] unsigned char 
 Return value:  Size  Location     Type
                  1    wreg      void 
 Registers used:
		wreg, status,2, status,0
 Tracked objects:
		On entry : 
		On exit  : 
		Unchanged: 
 Data sizes:     COMMON   BANK0   BANK1
      Params:         1       0       0
      Locals:         2       0       0
      Temps:          1       0       0
      Totals:         4       0       0
Total ram usage:        4 bytes
 Hardware stack levels used:    1
 This function calls:
		Nothing
 This function is called by:
		_i2c_read_command
 This function uses a non-reentrant model


 *************** function _i2c_Stop *****************
 Defined at:
		line 48 in file "i2c.h"
 Parameters:    Size  Location     Type
		None
 Auto vars:     Size  Location     Type
		None
 Return value:  Size  Location     Type
                  1    wreg      void 
 Registers used:
		None
 Tracked objects:
		On entry : 
		On exit  : 
		Unchanged: 
 Data sizes:     COMMON   BANK0   BANK1
      Params:         0       0       0
      Locals:         0       0       0
      Temps:          0       0       0
      Totals:         0       0       0
Total ram usage:        0 bytes
 Hardware stack levels used:    1
 This function calls:
		Nothing
 This function is called by:
		_main
 This function uses a non-reentrant model


 *************** function _i2c_Read *****************
 Defined at:
		line 89 in file "i2c.h"
 Parameters:    Size  Location     Type
  ack             1    wreg     unsigned char 
 Auto vars:     Size  Location     Type
  ack             1    1[COMMON] unsigned char 
  i2cReadData     1    2[COMMON] unsigned char 
 Return value:  Size  Location     Type
                  1    wreg      unsigned char 
 Registers used:
		wreg, status,2, status,0, pclath, cstack
 Tracked objects:
		On entry : 
		On exit  : 
		Unchanged: 
 Data sizes:     COMMON   BANK0   BANK1
      Params:         0       0       0
      Locals:         2       0       0
      Temps:          1       0       0
      Totals:         3       0       0
Total ram usage:        3 bytes
 Hardware stack levels used:    1
 Hardware stack levels required when called:    1
 This function calls:
		_i2c_Wait
 This function is called by:
		_main
 This function uses a non-reentrant model


 *************** function _i2c_Wait *****************
 Defined at:
		line 21 in file "i2c.h"
 Parameters:    Size  Location     Type
		None
 Auto vars:     Size  Location     Type
		None
 Return value:  Size  Location     Type
                  1    wreg      void 
 Registers used:
		wreg, status,2
 Tracked objects:
		On entry : 
		On exit  : 
		Unchanged: 
 Data sizes:     COMMON   BANK0   BANK1
      Params:         0       0       0
      Locals:         0       0       0
      Temps:          0       0       0
      Totals:         0       0       0
Total ram usage:        0 bytes
 Hardware stack levels used:    1
 This function calls:
		Nothing
 This function is called by:
		_i2c_Read
 This function uses a non-reentrant model


 *************** function _i2c_Init *****************
 Defined at:
		line 5 in file "i2c.h"
 Parameters:    Size  Location     Type
		None
 Auto vars:     Size  Location     Type
		None
 Return value:  Size  Location     Type
                  1    wreg      void 
 Registers used:
		wreg
 Tracked objects:
		On entry : 
		On exit  : 
		Unchanged: 
 Data sizes:     COMMON   BANK0   BANK1
      Params:         0       0       0
      Locals:         0       0       0
      Temps:          0       0       0
      Totals:         0       0       0
Total ram usage:        0 bytes
 Hardware stack levels used:    1
 This function calls:
		Nothing
 This function is called by:
		_main
 This function uses a non-reentrant model



MODULE INFORMATION

Module		Function		Class		Link	Load	Size
i2c.c
		_main          		CODE           	07E4	0000	27
		_i2c_read_command		CODE           	07B4	0000	13

i2c.c estimated size: 40

i2c.h
		_i2c_Address   		CODE           	07C0	0000	18
		_i2c_Write     		CODE           	079F	0000	10
		_i2c_Stop      		CODE           	078C	0000	4
		_i2c_Wait      		CODE           	0797	0000	9
		_i2c_Read      		CODE           	07D1	0000	20
		_i2c_Init      		CODE           	07A8	0000	13
		_i2c_Start     		CODE           	0792	0000	6
		_i2c_Restart   		CODE           	078F	0000	4

i2c.h estimated size: 84

shared
		__initialization		CODE           	07FE	0000	1

shared estimated size: 1

